// Jest Snapshot v1, https://goo.gl/fbAQLP

exports[`AbsenceInfo renders as expected 1`] = `
<AbsenceInfo
  endDate="2020-02-13"
  id={1}
  startDate="2020-01-13"
  type="vacation"
  view="month"
>
  <li
    className="Absence-Info"
    key="absenceInfo-1"
  >
    <p>
      is on 
      vacation
       from 2020-01-13 to 2020-02-13
    </p>
  </li>
</AbsenceInfo>
`;
